================================================================================
TESTING ALL 16 PDFs
================================================================================

START parsing: C:/Users/39334/Documents/ORDINI/300000946.pdf
   PDF Extraction with PyPDF2...
   > Pages found: 2
   > Page 1/2: 2320 chars
   > Page 2/2: 1133 chars
   OK PyPDF2 complete: 3453 chars

   FORMAT DETECTION:
      - DIVISIONE CUCINE? True
      FOUND: DIVISIONE

   > Format detected: DIVISIONE
      [PDF] DIVISIONE: Tentando estrazione con pattern matching...
      [OK] Pattern matching trovato 13 articoli
   OK Parsing complete: 13 articles found
   OK Client: L.S. SRL
   OK Order: 300000946
[OK] DIVISIONE 300000946                      | C: L.S. SRL             | O: 300000946  | Art: 13

START parsing: C:/Users/39334/Documents/ORDINI/FOR-ORDINE_0000173_00(50359).pdf
   PDF Extraction with PyPDF2...
   > Pages found: 1
   > Page 1/1: 1225 chars
   OK PyPDF2 complete: 1225 chars

   FORMAT DETECTION:
      - DIVISIONE CUCINE? False
      - B&B ITALIA + ORDINE ACQUISTO? False
      - Codice A000XXX? False
      - DECA? False
      - Spett.le? True
      - ORDINE FORNITORE? True
      - AZA INTERNATIONAL? False
      FOUND: FOR_ORDINE

   > Format detected: FOR_ORDINE

      PDF FOR_ORDINE: Tentando estrazione con pattern matching...
      DEBUG: Pattern A (PZ CODICE) trovati 1 codici
      DEBUG: Pattern B (CODICE-DESCRIZIONE) trovati 0 codici
      OK Pattern matching found 1 articles (A:1 + B:0)
   OK Parsing complete: 1 articles found
   OK Client: L.S. SRL
   OK Order: 173
[OK] FOR-ORDINE 0000173                       | C: L.S. SRL             | O: 173        | Art: 1

START parsing: C:/Users/39334/Documents/ORDINI/FOR-ORDINE_0000205_00(50359).pdf
   PDF Extraction with PyPDF2...
   > Pages found: 1
   > Page 1/1: 1299 chars
   OK PyPDF2 complete: 1299 chars

   FORMAT DETECTION:
      - DIVISIONE CUCINE? False
      - B&B ITALIA + ORDINE ACQUISTO? False
      - Codice A000XXX? False
      - DECA? False
      - Spett.le? True
      - ORDINE FORNITORE? True
      - AZA INTERNATIONAL? False
      FOUND: FOR_ORDINE

   > Format detected: FOR_ORDINE

      PDF FOR_ORDINE: Tentando estrazione con pattern matching...
      DEBUG: Pattern A (PZ CODICE) trovati 3 codici
      DEBUG: Pattern B (CODICE-DESCRIZIONE) trovati 0 codici
      OK Pattern matching found 3 articles (A:3 + B:0)
   OK Parsing complete: 3 articles found
   OK Client: L.S. SRL
   OK Order: 205
[OK] FOR-ORDINE 0000205                       | C: L.S. SRL             | O: 205        | Art: 3

START parsing: C:/Users/39334/Documents/ORDINI/FOR-ORDINE_0000445_00(50359)[2].pdf
   PDF Extraction with PyPDF2...
   > Pages found: 1
   > Page 1/1: 1052 chars
   OK PyPDF2 complete: 1052 chars

   FORMAT DETECTION:
      - DIVISIONE CUCINE? False
      - B&B ITALIA + ORDINE ACQUISTO? False
      - Codice A000XXX? False
      - DECA? False
      - Spett.le? True
      - ORDINE FORNITORE? True
      - AZA INTERNATIONAL? False
      FOUND: FOR_ORDINE

   > Format detected: FOR_ORDINE

      PDF FOR_ORDINE: Tentando estrazione con pattern matching...
      DEBUG: Pattern A (PZ CODICE) trovati 1 codici
      DEBUG: Pattern B (CODICE-DESCRIZIONE) trovati 0 codici
      OK Pattern matching found 1 articles (A:1 + B:0)
   OK Parsing complete: 1 articles found
   OK Client: L.S. SRL
   OK Order: 445
[OK] FOR-ORDINE 0000445                       | C: L.S. SRL             | O: 445        | Art: 1

START parsing: C:/Users/39334/Documents/ORDINI/FOR-ORDINE_0000537_00(50359).pdf
   PDF Extraction with PyPDF2...
   > Pages found: 1
   > Page 1/1: 1089 chars
   OK PyPDF2 complete: 1089 chars

   FORMAT DETECTION:
      - DIVISIONE CUCINE? False
      - B&B ITALIA + ORDINE ACQUISTO? False
      - Codice A000XXX? False
      - DECA? False
      - Spett.le? True
      - ORDINE FORNITORE? True
      - AZA INTERNATIONAL? False
      FOUND: FOR_ORDINE

   > Format detected: FOR_ORDINE

      PDF FOR_ORDINE: Tentando estrazione con pattern matching...
      DEBUG: Pattern A (PZ CODICE) trovati 1 codici
      DEBUG: Pattern B (CODICE-DESCRIZIONE) trovati 0 codici
      OK Pattern matching found 1 articles (A:1 + B:0)
   OK Parsing complete: 1 articles found
   OK Client: L.S. SRL
   OK Order: 537
[OK] FOR-ORDINE 0000537                       | C: L.S. SRL             | O: 537        | Art: 1

START parsing: C:/Users/39334/Documents/ORDINI/OAFA202600125.pdf
   PDF Extraction with PyPDF2...
   > Pages found: 2
   > Page 1/2: 2150 chars
   > Page 2/2: 1924 chars
   OK PyPDF2 complete: 4074 chars

   FORMAT DETECTION:
      - DIVISIONE CUCINE? False
      - B&B ITALIA + ORDINE ACQUISTO? False
      - Codice A000XXX? True
      - DECA? True
      - Spett.le? True
      FOUND: OAFA

   > Format detected: OAFA

      PDF OAFA: Tentando estrazione diretta con PyPDF2...
      OK PyPDF2 found 17 articles
      OK PyPDF2 parsing successful: 16 articles
   OK Parsing complete: 16 articles found
   OK Client: DECA S.r.l.
   OK Order: A000125
[OK] OAFA202600125                            | C: DECA S.r.l.          | O: A000125    | Art: 16

START parsing: C:/Users/39334/Documents/ORDINI/OF_260100-del-21-01-2026.pdf
   PDF Extraction with PyPDF2...
   > Pages found: 1
   > Page 1/1: 2213 chars
   OK PyPDF2 complete: 2213 chars

   FORMAT DETECTION:
      - DIVISIONE CUCINE? False
      - B&B ITALIA + ORDINE ACQUISTO? False
      - Codice A000XXX? False
      - DECA? False
      - Spett.le? True
      - ORDINE FORNITORE? True
      - AZA INTERNATIONAL? False
      FOUND: FOR_ORDINE

   > Format detected: FOR_ORDINE

      PDF FOR_ORDINE: Tentando estrazione con pattern matching...
      DEBUG: Pattern A (PZ CODICE) trovati 0 codici
      DEBUG: Pattern B (CODICE-DESCRIZIONE) trovati 13 codici
      OK Pattern matching found 4 articles (A:0 + B:13)
   OK Parsing complete: 4 articles found
   OK Client: L.S. SRL
   OK Order: 260100
[OK] OF_260100                                | C: L.S. SRL             | O: 260100     | Art: 4

START parsing: C:/Users/39334/Documents/ORDINI/ORDINE FORNITORE 57-AC del 30-01-2026  L S S R L.pdf
   PDF Extraction with PyPDF2...
   > Pages found: 1
   > Page 1/1: 1872 chars
   OK PyPDF2 complete: 1872 chars

   FORMAT DETECTION:
      - DIVISIONE CUCINE? False
      - B&B ITALIA + ORDINE ACQUISTO? False
      - Codice A000XXX? False
      - DECA? False
      - Spett.le? False
      - ORDINE FORNITORE? True
      - AZA INTERNATIONAL? True
      FOUND: FOR_ORDINE_AZA

   > Format detected: FOR_ORDINE_AZA

      PDF FOR_ORDINE_AZA: Tentando estrazione con pattern matching...
      OK Pattern matching found 6 articles
   OK Parsing complete: 6 articles found
   OK Client: LS S.R.L.
   OK Order: 57
[OK] ORDINE FORNITORE 57-AC                   | C: LS S.R.L.            | O: 57         | Art: 6

START parsing: C:/Users/39334/Documents/ORDINI/ORDINE FORNITORE 83-AC del 09-02-2026  L S S R L.pdf
   PDF Extraction with PyPDF2...
   > Pages found: 1
   > Page 1/1: 1557 chars
   OK PyPDF2 complete: 1557 chars

   FORMAT DETECTION:
      - DIVISIONE CUCINE? False
      - B&B ITALIA + ORDINE ACQUISTO? False
      - Codice A000XXX? False
      - DECA? False
      - Spett.le? False
      - ORDINE FORNITORE? True
      - AZA INTERNATIONAL? True
      FOUND: FOR_ORDINE_AZA

   > Format detected: FOR_ORDINE_AZA

      PDF FOR_ORDINE_AZA: Tentando estrazione con pattern matching...
      OK Pattern matching found 1 articles
   OK Parsing complete: 1 articles found
   OK Client: L.S. S.R.L.
   OK Order: 83
[OK] ORDINE FORNITORE 83-AC                   | C: L.S. S.R.L.          | O: 83         | Art: 1

START parsing: C:/Users/39334/Documents/ORDINI/ORDINE FORNITORE 85-AC del 10-02-2026  L S S R L.pdf
   PDF Extraction with PyPDF2...
   > Pages found: 1
   > Page 1/1: 1655 chars
   OK PyPDF2 complete: 1655 chars

   FORMAT DETECTION:
      - DIVISIONE CUCINE? False
      - B&B ITALIA + ORDINE ACQUISTO? False
      - Codice A000XXX? False
      - DECA? False
      - Spett.le? False
      - ORDINE FORNITORE? True
      - AZA INTERNATIONAL? True
      FOUND: FOR_ORDINE_AZA

   > Format detected: FOR_ORDINE_AZA

      PDF FOR_ORDINE_AZA: Tentando estrazione con pattern matching...
      OK Pattern matching found 2 articles
   OK Parsing complete: 2 articles found
   OK Client: L.S. S.R.L.
   OK Order: 85
[OK] ORDINE FORNITORE 85-AC                   | C: L.S. S.R.L.          | O: 85         | Art: 2

START parsing: C:/Users/39334/Documents/ORDINI/ORDINE FORNITORE 826-AC del 13-10-2025  L S S R L.pdf
   PDF Extraction with PyPDF2...
   > Pages found: 1
   > Page 1/1: 1558 chars
   OK PyPDF2 complete: 1558 chars

   FORMAT DETECTION:
      - DIVISIONE CUCINE? False
      - B&B ITALIA + ORDINE ACQUISTO? False
      - Codice A000XXX? False
      - DECA? False
      - Spett.le? False
      - ORDINE FORNITORE? True
      - AZA INTERNATIONAL? True
      FOUND: FOR_ORDINE_AZA

   > Format detected: FOR_ORDINE_AZA

      PDF FOR_ORDINE_AZA: Tentando estrazione con pattern matching...
      OK Pattern matching found 1 articles
   OK Parsing complete: 1 articles found
   OK Client: L.S. S.R.L.
   OK Order: 826
[OK] ORDINE FORNITORE 826-AC                  | C: L.S. S.R.L.          | O: 826        | Art: 1

START parsing: C:/Users/39334/Documents/ORDINI/Ordine LS N░172.pdf
   PDF Extraction with PyPDF2...
   > Pages found: 1
   > Page 1/1: 651 chars
   OK PyPDF2 complete: 651 chars

   FORMAT DETECTION:
      - DIVISIONE CUCINE? False
      - B&B ITALIA + ORDINE ACQUISTO? False
      - Codice A000XXX? False
      - DECA? False
      - Spett.le? True
      - ORDINE FORNITORE? False
      - AZA INTERNATIONAL? False
      FOUND: ORDINE_LS

   > Format detected: ORDINE_LS

      PDF ORDINE_LS: Tentando estrazione con pattern matching...
      OK Pattern matching found 1 articles
   OK Parsing complete: 1 articles found
   OK Client: LS S.R.L.
   OK Order: 172
[OK] Ordine LS N░172                          | C: LS S.R.L.            | O: 172        | Art: 1

START parsing: C:/Users/39334/Documents/ORDINI/Ordine LS N░217.pdf
   PDF Extraction with PyPDF2...
   > Pages found: 1
   > Page 1/1: 402 chars
   OK PyPDF2 complete: 402 chars

   FORMAT DETECTION:
      - DIVISIONE CUCINE? False
      - B&B ITALIA + ORDINE ACQUISTO? False
      - Codice A000XXX? False
      - DECA? False
      - Spett.le? True
      - ORDINE FORNITORE? False
      - AZA INTERNATIONAL? False
      FOUND: ORDINE_LS

   > Format detected: ORDINE_LS

      PDF ORDINE_LS: Tentando estrazione con pattern matching...
      [WARNING] Nessun articolo estratto (LS)

   WARNING: No articles extracted, trying Docling as fallback...
[PDF] Docling non disponibile per C:/Users/39334/Documents/ORDINI/Ordine LS N░217.pdf
   OK Parsing complete: 0 articles found
   OK Client: LS S.R.L.
   OK Order: 217
[FAIL] Ordine LS N░217                          | C: LS S.R.L.       | O: 217        | Art: 0

START parsing: C:/Users/39334/Documents/ORDINI/ORDINE LS.PDF
   PDF Extraction with PyPDF2...
   > Pages found: 1
   > Page 1/1: 566 chars
   OK PyPDF2 complete: 566 chars

   FORMAT DETECTION:
      - DIVISIONE CUCINE? False
      - B&B ITALIA + ORDINE ACQUISTO? False
      - Codice A000XXX? False
      - DECA? False
      - Spett.le? False
      - ORDINE FORNITORE? False
      - AZA INTERNATIONAL? False
      FOUND: ORDINE_LS

   > Format detected: ORDINE_LS

      PDF ORDINE_LS: Tentando estrazione con pattern matching...
      OK Pattern matching found 1 articles
   OK Parsing complete: 1 articles found
   OK Client: LS S.R.L.
   OK Order: 29
[OK] ORDINE LS                                | C: LS S.R.L.            | O: 29         | Art: 1

START parsing: C:/Users/39334/Documents/ORDINI/ORDINE_D_ACQUISTO_21-28707_LS.pdf
   PDF Extraction with PyPDF2...
   > Pages found: 1
   > Page 1/1: 992 chars
   OK PyPDF2 complete: 992 chars

   FORMAT DETECTION:
      - DIVISIONE CUCINE? False
      - B&B ITALIA + ORDINE ACQUISTO? False
      - Codice A000XXX? False
      - DECA? False
      - Spett.le? False
      - ORDINE FORNITORE? False
      - AZA INTERNATIONAL? False
      FOUND: ORDINE_LS

   > Format detected: ORDINE_LS

      PDF ORDINE_LS: Tentando estrazione con pattern matching...
      OK Pattern matching found 2 articles
   OK Parsing complete: 2 articles found
   OK Client: LS SRL
   OK Order: 
[FAIL] ORDINE_ACQUISTO_LS                       | C: LS SRL          | O: EMPTY      | Art: 2

START parsing: C:/Users/39334/Documents/ORDINI/PO_20250006705-3.pdf
   PDF Extraction with PyPDF2...
   > Pages found: 5
   > Page 1/5: 1399 chars
   > Page 2/5: 902 chars
   > Page 3/5: 17319 chars
   > Page 4/5: 18217 chars
   > Page 5/5: 10072 chars
   OK PyPDF2 complete: 47909 chars

   FORMAT DETECTION:
      - DIVISIONE CUCINE? False
      - B&B ITALIA + ORDINE ACQUISTO? True
      FOUND: PO_BEBITALIA

   > Format detected: PO_BEBITALIA
      [PDF] PO_BEBITALIA: Tentando estrazione con pattern matching...
      [OK] Pattern matching trovato 2 articoli
   OK Parsing complete: 2 articles found
   OK Client: B&B ITALIA S.p.A.
   OK Order: 20250006705-3
[OK] PO_BEBITALIA 20250006705-3               | C: B&B ITALIA S.p.A.    | O: 20250006705-3 | Art: 2

================================================================================
RESULTS: 14/16 SUCCESS (87%)
================================================================================

FAILED PDFs:
  - Ordine LS N░217 [FAIL]
  - ORDINE_ACQUISTO_LS [FAIL]
